src/app/dashboard/dashboard-client.tsx(5,10): error TS2305: Module '"@/lib/utils/persona"' has no exported member 'getPersonaCopy'.
src/app/dashboard/dashboard-client.tsx(70,47): error TS2322: Type '{ data: MemoryOutput; copy: any; }' is not assignable to type 'IntrinsicAttributes & MemoryCardProps'.
  Property 'copy' does not exist on type 'IntrinsicAttributes & MemoryCardProps'.
src/app/dashboard/dashboard-client.tsx(73,47): error TS2322: Type '{ data: OracleOutput; copy: any; }' is not assignable to type 'IntrinsicAttributes & OracleCardProps'.
  Property 'copy' does not exist on type 'IntrinsicAttributes & OracleCardProps'.
src/app/dashboard/dashboard-client.tsx(76,53): error TS2322: Type '{ data: CuriosityOutput; copy: any; }' is not assignable to type 'IntrinsicAttributes & CuriosityCardProps'.
  Property 'copy' does not exist on type 'IntrinsicAttributes & CuriosityCardProps'.
